2026-05-29T18:34:30 [34minfo[0m [34mstart to install app in this cluster[0m
2026-05-29T18:34:30 [34minfo[0m [34mExecuting SyncStatusAndCheck Pipeline in InstallProcessor[0m
2026-05-29T18:34:30 [34minfo[0m [34mExecuting ConfirmOverrideApps Pipeline in InstallProcessor[0m
2026-05-29T18:34:30 [34minfo[0m [34mExecuting PreProcess Pipeline in InstallProcessor[0m
Trying to pull ghcr.io/sealos-apps/cronjob/cronjob-cluster:sha-99799cd...
Getting image source signatures
Copying blob sha256:<SHA256>
Copying blob sha256:<SHA256>
Copying blob sha256:<SHA256>
Copying config sha256:<SHA256>
Writing manifest to image destination
Storing signatures
2026-05-29T18:34:43 [34minfo[0m [34mExecuting pipeline MountRootfs in InstallProcessor.[0m
2026-05-29T18:34:44 [34minfo[0m [34mExecuting pipeline MirrorRegistry in InstallProcessor.[0m
2026-05-29T18:34:44 [34minfo[0m [34mtrying default http mode to sync images to hosts [<CLUSTER_IP>:22][0m
2026-05-29T18:34:47 [34minfo[0m [34mExecuting UpgradeIfNeed Pipeline in InstallProcessor[0m
Deleting legacy namespace cronjob-frontend...
namespace "cronjob-frontend" deleted
Checking and adopting existing resources...
Adopting apps.app.sealos.io app-system/cronjob...
Deploying Helm chart...
Release "cronjob" does not exist. Installing it now.
NAME: cronjob
LAST DEPLOYED: Fri May 29 18:35:01 2026
NAMESPACE: cronjob
STATUS: deployed
REVISION: 1
TEST SUITE: None
2026-05-29T18:35:02 [34minfo[0m [34msucceeded install app in this cluster[0m
2026-05-29T18:35:02 [34minfo[0m [34mno nodes that need to be scaled[0m
2026-05-29T18:35:02 [34minfo[0m [34musing v1beta3 kubeadm config[0m
2026-05-29T18:35:02 [34minfo[0m [34m
      ___           ___           ___           ___       ___           ___
     /\  \         /\  \         /\  \         /\__\     /\  \         /\  \
    /::\  \       /::\  \       /::\  \       /:/  /    /::\  \       /::\  \
   /:/\ \  \     /:/\:\  \     /:/\:\  \     /:/  /    /:/\:\  \     /:/\ \  \
  _\:\~\ \  \   /::\~\:\  \   /::\~\:\  \   /:/  /    /:/  \:\  \   _\:\~\ \  \
 /\ \:\ \ \__\ /:/\:\ \:\__\ /:/\:\ \:\__\ /:/__/    /:/__/ \:\__\ /\ \:\ \ \__\
 \:\ \:\ \/__/ \:\~\:\ \/__/ \/__\:\/:/  / \:\  \    \:\  \ /:/  / \:\ \:\ \/__/
  \:\ \:\__\    \:\ \:\__\        \::/  /   \:\  \    \:\  /:/  /   \:\ \:\__\
   \:\/:/  /     \:\ \/__/        /:/  /     \:\  \    \:\/:/  /     \:\/:/  /
    \::/  /       \:\__\         /:/  /       \:\__\    \::/  /       \::/  /
     \/__/         \/__/         \/__/         \/__/     \/__/         \/__/

                  Website: https://sealos.io/
                  Address: github.com/labring/sealos
                  Version: 5.1.2-rc5-88abb542e
[0m
